// Vitest Snapshot v1, https://vitest.dev/guide/snapshot.html

exports[`e2e routes > generates the routes 1`] = `
"export const routes = [
  {
    path: '/',
    name: '/',
    component: () => import('/routes/index.vue'),
    /* no children */
  },
  {
    path: '/:path(.*)',
    name: '/[...path]',
    component: () => import('/routes/[...path].vue'),
    /* no children */
  },
  {
    path: '/about',
    name: '/about',
    component: () => import('/routes/about.vue'),
    /* no children */
  },
  {
    path: '/articles',
    /* internal name: '/articles' */
    /* no component */
    children: [
      {
        path: ':id',
        name: '/articles/[id]',
        component: () => import('/routes/articles/[id].vue'),
        /* no children */
      },
      {
        path: ':slugs+',
        name: '/articles/[slugs]+',
        component: () => import('/routes/articles/[slugs]+.vue'),
        /* no children */
      }
    ],
  },
  {
    path: '/nested',
    /* internal name: '/nested' */
    /* no component */
    children: [
      {
        path: 'folder',
        /* internal name: '/nested/folder' */
        /* no component */
        children: [
          {
            path: '',
            name: '/nested/folder/',
            component: () => import('/routes/nested/folder/index.vue'),
            /* no children */
          },
          {
            path: 'should',
            /* internal name: '/nested/folder/should' */
            /* no component */
            children: [
              {
                path: 'work',
                /* internal name: '/nested/folder/should/work' */
                /* no component */
                children: [
                  {
                    path: '',
                    name: '/nested/folder/should/work/',
                    component: () => import('/routes/nested/folder/should/work/index.vue'),
                    /* no children */
                  }
                ],
              }
            ],
          }
        ],
      }
    ],
  },
  {
    path: '/optional',
    /* internal name: '/optional' */
    /* no component */
    children: [
      {
        path: ':doc?',
        name: '/optional/[[doc]]',
        component: () => import('/routes/optional/[[doc]].vue'),
        /* no children */
      },
      {
        path: ':docs*',
        name: '/optional/[[docs]]+',
        component: () => import('/routes/optional/[[docs]]+.vue'),
        /* no children */
      }
    ],
  },
  {
    path: '/users',
    name: '/users',
    component: () => import('/routes/users.vue'),
    children: [
      {
        path: ':id',
        name: '/users/[id]',
        component: () => import('/routes/users/[id].vue'),
        /* no children */
      }
    ],
  },
  {
    path: '/users/new',
    name: '/users.new',
    component: () => import('/routes/users.new.vue'),
    /* no children */
  }
]

export function handleHotUpdate(_router) {
  if (import.meta.hot) {
    import.meta.hot.data.router = _router
  }
}

if (import.meta.hot) {
  import.meta.hot.accept((mod) => {
    const router = import.meta.hot.data.router
    if (!router) {
      import.meta.hot.invalidate('[unplugin-vue-router:HMR] Cannot replace the routes because there is no active router. Reloading.')
      return
    }
    router.clearRoutes()
    for (const route of mod.routes) {
      router.addRoute(route)
    }
    router.replace('')
  })
}

"
`;

exports[`e2e routes > works with mixed extensions 1`] = `
"export const routes = [
  {
    path: '/',
    name: '/',
    component: () => import('/multi-extensions/index.vue'),
    /* no children */
  },
  {
    path: '/about',
    name: '/about',
    component: () => import('/multi-extensions/about.vue'),
    /* no children */
  },
  {
    path: '/docs',
    /* internal name: '/docs' */
    /* no component */
    children: [
      {
        path: ':lang',
        /* internal name: '/docs/[lang]' */
        /* no component */
        children: [
          {
            path: '',
            name: '/docs/[lang]/',
            component: () => import('/multi-extensions/docs/index.md'),
            /* no children */
          },
          {
            path: ':pathMatch(.*)',
            name: '/docs/[lang]/[...pathMatch]',
            component: () => import('/multi-extensions/docs/[...pathMatch].vue'),
            /* no children */
          }
        ],
      }
    ],
  }
]
"
`;
