// Vitest Snapshot v1

exports[`generates the routes 1`] = `
"export const routes = [
  {
    path: '/',
    name: '/',
    component: () => import('/routes/index.vue'),
    /* no children */
  },
  {
    path: '/:path(.*)',
    name: '/[...path]',
    component: () => import('/routes/[...path].vue'),
    /* no children */
  },
  {
    path: '/about',
    name: '/about',
    component: () => import('/routes/about.vue'),
    /* no children */
  },
  {
    path: '/articles',
    /* no name */
    /* no component */
    children: [
      {
        path: ':id',
        name: '/articles/[id]',
        component: () => import('/routes/articles/[id].vue'),
        /* no children */
      },
      {
        path: ':slugs+',
        name: '/articles/[slugs]+',
        component: () => import('/routes/articles/[slugs]+.vue'),
        /* no children */
      }
    ],
  },
  {
    path: '/nested',
    /* no name */
    /* no component */
    children: [
      {
        path: 'folder',
        /* no name */
        /* no component */
        children: [
          {
            path: '',
            name: '/nested/folder/',
            component: () => import('/routes/nested/folder/index.vue'),
            /* no children */
          },
          {
            path: 'should',
            /* no name */
            /* no component */
            children: [
              {
                path: 'work',
                /* no name */
                /* no component */
                children: [
                  {
                    path: '',
                    name: '/nested/folder/should/work/',
                    component: () => import('/routes/nested/folder/should/work/index.vue'),
                    /* no children */
                  }
                ],
              }
            ],
          }
        ],
      }
    ],
  },
  {
    path: '/optional',
    /* no name */
    /* no component */
    children: [
      {
        path: ':doc?',
        name: '/optional/[[doc]]',
        component: () => import('/routes/optional/[[doc]].vue'),
        /* no children */
      },
      {
        path: ':docs*',
        name: '/optional/[[docs]]+',
        component: () => import('/routes/optional/[[docs]]+.vue'),
        /* no children */
      }
    ],
  },
  {
    path: '/users',
    name: '/users',
    component: () => import('/routes/users.vue'),
    children: [
      {
        path: ':id',
        name: '/users/[id]',
        component: () => import('/routes/users/[id].vue'),
        /* no children */
      }
    ],
  },
  {
    path: '/users.new',
    name: '/users.new',
    component: () => import('/routes/users.new.vue'),
    /* no children */
  }
]"
`;
