// Vitest Snapshot v1

exports[`definePage > removes definePage 1`] = `
"
<script setup>
const a = 1

const b = 1
</script>

<template>
  <div>hello</div>
</template>
      "
`;

exports[`definePage > works if file is named definePage 1`] = `
"
<script setup>
const a = 1

const b = 1
</script>

<template>
  <div>hello</div>
</template>
      "
`;
